<!doctype html>
<html>
  <head>
    <title>test</title>
    <script src="//my.cdn.example.com/tmp/test.js"></script>
    <script>
      console.log('testing');
    </script>
    <link href="//my.cdn.example.com/tmp/test.css" rel="stylesheet">
    <link href="//cdn.1.test.com/test.css" rel="stylesheet">
  </head>
  <body>
    <img src="//my.cdn.example.com/tmp/testing.png" alt="">
    <img src="//my.cdn.example.com/tmp/testing.gif" alt="">
    <img src="//my.cdn.example.com/tmp/testing.jpg" alt="">
    <img src="//my.cdn.example.com/tmp/testing.jpeg" alt="">
    <script src="//my.cdn.example.com/tmp/test2.js"></script>
    <script src="//my.cdn.example.com/tmp/no/cdn/test3.js"></script>
    <script src="//cdn.2.test.com/test2.js"></script>
  </body>
</html>
